// Jest Snapshot v1, https://goo.gl/fbAQLP

exports[`BlockAlignmentUI should match snapshot 1`] = `
<ToolbarGroup
  controls={
    Array [
      Object {
        "icon": <SVG
          viewBox="0 0 24 24"
          xmlns="http://www.w3.org/2000/svg"
        >
          <Path
            d="M5 15h14V9H5v6zm0 4.8h14v-1.5H5v1.5zM5 4.2v1.5h14V4.2H5z"
          />
        </SVG>,
        "isActive": false,
        "onClick": [Function],
        "role": "menuitemradio",
        "title": "None",
      },
      Object {
        "icon": <SVG
          viewBox="0 0 24 24"
          xmlns="http://www.w3.org/2000/svg"
        >
          <Path
            d="M4 9v6h14V9H4zm8-4.8H4v1.5h8V4.2zM4 19.8h8v-1.5H4v1.5z"
          />
        </SVG>,
        "isActive": true,
        "onClick": [Function],
        "role": "menuitemradio",
        "title": "Align left",
      },
      Object {
        "icon": <SVG
          viewBox="0 0 24 24"
          xmlns="http://www.w3.org/2000/svg"
        >
          <Path
            d="M7 9v6h10V9H7zM5 19.8h14v-1.5H5v1.5zM5 4.3v1.5h14V4.3H5z"
          />
        </SVG>,
        "isActive": false,
        "onClick": [Function],
        "role": "menuitemradio",
        "title": "Align center",
      },
      Object {
        "icon": <SVG
          viewBox="0 0 24 24"
          xmlns="http://www.w3.org/2000/svg"
        >
          <Path
            d="M6 15h14V9H6v6zm6-10.8v1.5h8V4.2h-8zm0 15.6h8v-1.5h-8v1.5z"
          />
        </SVG>,
        "isActive": false,
        "onClick": [Function],
        "role": "menuitemradio",
        "title": "Align right",
      },
    ]
  }
  icon={
    <SVG
      viewBox="0 0 24 24"
      xmlns="http://www.w3.org/2000/svg"
    >
      <Path
        d="M4 9v6h14V9H4zm8-4.8H4v1.5h8V4.2zM4 19.8h8v-1.5H4v1.5z"
      />
    </SVG>
  }
  isCollapsed={true}
  label="Align"
  popoverProps={
    Object {
      "isAlternate": true,
    }
  }
  toggleProps={
    Object {
      "describedBy": "Change alignment",
    }
  }
/>
`;
