<!-- wp:paragraph -->
<p></p>
<!-- /wp:paragraph -->

<!-- wp:buttons -->
<div class="wp-block-buttons"><!-- wp:button -->
<div class="wp-block-button"><a class="wp-block-button__link wp-element-button">Click</a></div>
<!-- /wp:button --></div>
<!-- /wp:buttons -->