<!-- wp:paragraph -->
<p>Dummy text</p>
<!-- /wp:paragraph -->

<!-- wp:social-links {"customIconColor":"#ffffff","iconColorValue":"#ffffff","customIconBackgroundColor":"#3962e3","iconBackgroundColorValue":"#3962e3","className":"has-icon-color"} -->
<ul class="wp-block-social-links has-icon-color has-icon-background-color"><!-- wp:social-link {"url":"https://wordpress.org","service":"wordpress"} /-->

<!-- wp:social-link {"url":"#","service":"chain"} /-->

<!-- wp:social-link {"url":"#","service":"mail"} /--></ul>
<!-- /wp:social-links -->