<!-- wp:paragraph -->
<p><strong>٠١</strong>٢</p>
<!-- /wp:paragraph -->