<!-- wp:paragraph -->
<p>FirstAfter</p>
<!-- /wp:paragraph -->

<!-- wp:paragraph -->
<p>Before<strong>InsideSecondInside</strong>After</p>
<!-- /wp:paragraph -->

<!-- wp:paragraph -->
<p>BeforeThird</p>
<!-- /wp:paragraph -->