<!-- wp:code -->
<pre class="wp-block-code"><code>&lt;?php</code></pre>
<!-- /wp:code -->