<!-- wp:spacer {"height":"150px"} -->
<div style="height:150px" aria-hidden="true" class="wp-block-spacer"></div>
<!-- /wp:spacer -->