// Jest Snapshot v1, https://goo.gl/fbAQLP

exports[`Page Break block transforms to Columns block 1`] = `
"<!-- wp:columns -->
<div class="wp-block-columns"><!-- wp:column {"width":"100%"} -->
<div class="wp-block-column" style="flex-basis:100%"><!-- wp:nextpage -->
<!--nextpage-->
<!-- /wp:nextpage --></div>
<!-- /wp:column --></div>
<!-- /wp:columns -->"
`;

exports[`Page Break block transforms to Group block 1`] = `
"<!-- wp:group {"layout":{"type":"constrained"}} -->
<div class="wp-block-group"><!-- wp:nextpage -->
<!--nextpage-->
<!-- /wp:nextpage --></div>
<!-- /wp:group -->"
`;
