// Jest Snapshot v1, https://goo.gl/fbAQLP

exports[`Missing block renders without crashing 1`] = `
<View
  accessibilityHint="Tap here to show help"
  accessibilityLabel="Help button"
  accessibilityRole="button"
  accessible={true}
  focusable={true}
  onClick={[Function]}
  onResponderGrant={[Function]}
  onResponderMove={[Function]}
  onResponderRelease={[Function]}
  onResponderTerminate={[Function]}
  onResponderTerminationRequest={[Function]}
  onStartShouldSetResponder={[Function]}
>
  <View
    accessibilityHint="Tap here to show help"
    accessibilityLabel="Help button"
    accessibilityRole="button"
    accessible={true}
    focusable={true}
    isTVSelectable={true}
    onClick={[Function]}
    onResponderGrant={[Function]}
    onResponderMove={[Function]}
    onResponderRelease={[Function]}
    onResponderTerminate={[Function]}
    onResponderTerminationRequest={[Function]}
    onStartShouldSetResponder={[Function]}
    style={null}
  >
    Svg
  </View>
  Svg
  <Text>
    missing/block/title
  </Text>
  <Text>
    Unsupported
  </Text>
</View>
`;
