// Jest Snapshot v1, https://goo.gl/fbAQLP

exports[`Image allows changing aspect ratio using the crop tools 1`] = `"data:image/jpeg;base64,/9j/4AAQSkZJRgABAQAAAQABAAD/2wBDAAMCAgICAgMCAgIDAwMDBAYEBAQEBAgGBgUGCQgKCgkICQkKDA8MCgsOCwkJDRENDg8QEBEQCgwSExIQEw8QEBD/2wBDAQMDAwQDBAgEBAgQCwkLEBAQEBAQEBAQEBAQEBAQEBAQEBAQEBAQEBAQEBAQEBAQEBAQEBAQEBAQEBAQEBAQEBD/wAARCAAKAAoDASIAAhEBAxEB/8QAFQABAQAAAAAAAAAAAAAAAAAACQf/xAAgEAAAAwkBAAAAAAAAAAAAAAAABAUBAwYJNTh0d7K1/8QAFAEBAAAAAAAAAAAAAAAAAAAAAP/EABQRAQAAAAAAAAAAAAAAAAAAAAD/2gAMAwEAAhEDEQA/AJTJUuninX570U4K8rVU7kPOmgoZKl08U6/PeinBXlaqnch500B//9k="`;

exports[`Image allows changing aspect ratio using the crop tools 2`] = `"data:image/jpeg;base64,/9j/4AAQSkZJRgABAQAAAQABAAD/2wBDAAMCAgICAgMCAgIDAwMDBAYEBAQEBAgGBgUGCQgKCgkICQkKDA8MCgsOCwkJDRENDg8QEBEQCgwSExIQEw8QEBD/2wBDAQMDAwQDBAgEBAgQCwkLEBAQEBAQEBAQEBAQEBAQEBAQEBAQEBAQEBAQEBAQEBAQEBAQEBAQEBAQEBAQEBAQEBD/wAARCAAGAAoDASIAAhEBAxEB/8QAFgABAQEAAAAAAAAAAAAAAAAAAAcJ/8QAIBAAAQIFBQAAAAAAAAAAAAAAAAQFAQMGCTU4dHeytf/EABQBAQAAAAAAAAAAAAAAAAAAAAD/xAAUEQEAAAAAAAAAAAAAAAAAAAAA/9oADAMBAAIRAxEAPwCU2VNU9U8frvRbjV52yq3cTO0QAP/Z"`;

exports[`Image allows rotating using the crop tools 1`] = `"data:image/jpeg;base64,/9j/4AAQSkZJRgABAQAAAQABAAD/2wBDAAMCAgICAgMCAgIDAwMDBAYEBAQEBAgGBgUGCQgKCgkICQkKDA8MCgsOCwkJDRENDg8QEBEQCgwSExIQEw8QEBD/2wBDAQMDAwQDBAgEBAgQCwkLEBAQEBAQEBAQEBAQEBAQEBAQEBAQEBAQEBAQEBAQEBAQEBAQEBAQEBAQEBAQEBAQEBD/wAARCAAKAAoDASIAAhEBAxEB/8QAFQABAQAAAAAAAAAAAAAAAAAACQf/xAAgEAAAAwkBAAAAAAAAAAAAAAAABAUBAwYJNTh0d7K1/8QAFAEBAAAAAAAAAAAAAAAAAAAAAP/EABQRAQAAAAAAAAAAAAAAAAAAAAD/2gAMAwEAAhEDEQA/AJTJUuninX570U4K8rVU7kPOmgoZKl08U6/PeinBXlaqnch500B//9k="`;

exports[`Image allows rotating using the crop tools 2`] = `"data:image/jpeg;base64,/9j/4AAQSkZJRgABAQAAAQABAAD/2wBDAAMCAgICAgMCAgIDAwMDBAYEBAQEBAgGBgUGCQgKCgkICQkKDA8MCgsOCwkJDRENDg8QEBEQCgwSExIQEw8QEBD/2wBDAQMDAwQDBAgEBAgQCwkLEBAQEBAQEBAQEBAQEBAQEBAQEBAQEBAQEBAQEBAQEBAQEBAQEBAQEBAQEBAQEBAQEBD/wAARCAAKAAoDASIAAhEBAxEB/8QAFgABAQEAAAAAAAAAAAAAAAAAAAcJ/8QAIRAAAAILAQAAAAAAAAAAAAAAAAUCBAcIFRlVVpOV0dT/xAAUAQEAAAAAAAAAAAAAAAAAAAAA/8QAFBEBAAAAAAAAAAAAAAAAAAAAAP/aAAwDAQACEQMRAD8AlMlR6e/mVbUx8ISVHp7+ZVtTHwjV6LGtTW8yXQixrU1vMl0B/9k="`;

exports[`Image allows zooming using the crop tools 1`] = `"data:image/jpeg;base64,/9j/4AAQSkZJRgABAQAAAQABAAD/2wBDAAMCAgICAgMCAgIDAwMDBAYEBAQEBAgGBgUGCQgKCgkICQkKDA8MCgsOCwkJDRENDg8QEBEQCgwSExIQEw8QEBD/2wBDAQMDAwQDBAgEBAgQCwkLEBAQEBAQEBAQEBAQEBAQEBAQEBAQEBAQEBAQEBAQEBAQEBAQEBAQEBAQEBAQEBAQEBD/wAARCAAKAAoDASIAAhEBAxEB/8QAFQABAQAAAAAAAAAAAAAAAAAACQf/xAAgEAAAAwkBAAAAAAAAAAAAAAAABAUBAwYJNTh0d7K1/8QAFAEBAAAAAAAAAAAAAAAAAAAAAP/EABQRAQAAAAAAAAAAAAAAAAAAAAD/2gAMAwEAAhEDEQA/AJTJUuninX570U4K8rVU7kPOmgoZKl08U6/PeinBXlaqnch500B//9k="`;

exports[`Image allows zooming using the crop tools 2`] = `"data:image/jpeg;base64,/9j/4AAQSkZJRgABAQAAAQABAAD/2wBDAAMCAgICAgMCAgIDAwMDBAYEBAQEBAgGBgUGCQgKCgkICQkKDA8MCgsOCwkJDRENDg8QEBEQCgwSExIQEw8QEBD/2wBDAQMDAwQDBAgEBAgQCwkLEBAQEBAQEBAQEBAQEBAQEBAQEBAQEBAQEBAQEBAQEBAQEBAQEBAQEBAQEBAQEBAQEBD/wAARCAAFAAUDASIAAhEBAxEB/8QAFQABAQAAAAAAAAAAAAAAAAAAAAj/xAAaEAEAAQUAAAAAAAAAAAAAAAAABAcJOIW1/8QAFAEBAAAAAAAAAAAAAAAAAAAAAP/EABQRAQAAAAAAAAAAAAAAAAAAAAD/2gAMAwEAAhEDEQA/AKptcYJ0y3XYmgA//9k="`;

exports[`Image should drag and drop files into media placeholder 1`] = `
"<!-- wp:image -->
<figure class=\\"wp-block-image\\"><img alt=\\"\\"/></figure>
<!-- /wp:image -->"
`;

exports[`Image should undo without broken temporary state 1`] = `
"<!-- wp:image -->
<figure class=\\"wp-block-image\\"><img alt=\\"\\"/></figure>
<!-- /wp:image -->"
`;
