// Jest Snapshot v1, https://goo.gl/fbAQLP

exports[`formatTestErrorMessage should format test error message for @playwright/test 1`] = `
"Error: Snapshot comparison failed:

  <!-- wp:paragraph -->
  <p>block</p>
  <!-- /wp:paragraph -->

  <!-- wp:paragraph -->
  <p>B </p>
  <!-- /wp:paragraph -->

  <!-- wp:paragraph -->
  <p>A block</p>
  <!-- /wp:paragraph -->

  <!-- wp:paragraph -->
  <p></p>
  <!-- /wp:paragraph -->

  <!-- wp:paragraph -->
  <p>B block</p>
  <!-- /wp:paragraph -->

Expected: /home/runner/work/gutenberg/gutenberg/artifacts/test-results/editor-various-copy-cut-paste-Copy-cut-paste-should-copy-only-partial-selection-of-text-blocks-chromium/Copy-cut-paste-should-copy-only-partial-selection-of-text-blocks-2-expected.txt
Received: /home/runner/work/gutenberg/gutenberg/artifacts/test-results/editor-various-copy-cut-paste-Copy-cut-paste-should-copy-only-partial-selection-of-text-blocks-chromium/Copy-cut-paste-should-copy-only-partial-selection-of-text-blocks-2-actual.txt
    at /home/runner/work/gutenberg/gutenberg/test/e2e/specs/editor/various/copy-cut-paste.spec.js:253:52"
`;

exports[`formatTestErrorMessage should format test error message for jest-circus 1`] = `
"  ● Template Part › Template part block › Template part placeholder › Should insert new template part on creation

    expect(jest.fn()).not.toHaveErrored(expected)

    Expected mock function not to be called but it was called with:
    ["TypeError: Cannot read properties of null (reading 'frameElement')

      at Vo (../../http:/localhost:8889/wp-content/plugins/gutenberg/build/block-editor/index.min.js?ver=dfd3a79ce1dc54c31b6ed591bcb0d55a:3:21925)
      at ft (../../http:/localhost:8889/wp-content/plugins/gutenberg/build/vendors/react-dom.min.js?ver=6.1-alpha-53362:1:43451)
      at Wt (../../http:/localhost:8889/wp-content/plugins/gutenberg/build/vendors/react-dom.min.js?ver=6.1-alpha-53362:1:50270)
      at ts (../../http:/localhost:8889/wp-content/plugins/gutenberg/build/vendors/react-dom.min.js?ver=6.1-alpha-53362:1:112276)
      at Fr (../../http:/localhost:8889/wp-content/plugins/gutenberg/build/vendors/react-dom.min.js?ver=6.1-alpha-53362:1:77758)
      at Dr (../../http:/localhost:8889/wp-content/plugins/gutenberg/build/vendors/react-dom.min.js?ver=6.1-alpha-53362:1:77686)
      at Rr (../../http:/localhost:8889/wp-content/plugins/gutenberg/build/vendors/react-dom.min.js?ver=6.1-alpha-53362:1:77549)
      at Nr (../../http:/localhost:8889/wp-content/plugins/gutenberg/build/vendors/react-dom.min.js?ver=6.1-alpha-53362:1:74544)
      at ../../http:/localhost:8889/wp-content/plugins/gutenberg/build/vendors/react-dom.min.js?ver=6.1-alpha-53362:1:30170
      at unstable_runWithPriority (../../http:/localhost:8889/wp-content/plugins/gutenberg/build/vendors/react.min.js?ver=6.1-alpha-53362:1:7430)"]
          at runMicrotasks (<anonymous>)

  ● Template Part › Template part block › Template part placeholder › Should insert new template part on creation

    expect(jest.fn()).not.toHaveErrored(expected)

    Expected mock function not to be called but it was called with:
    ["TypeError: Cannot read properties of null (reading 'frameElement')

      at Vo (../../http:/localhost:8889/wp-content/plugins/gutenberg/build/block-editor/index.min.js?ver=dfd3a79ce1dc54c31b6ed591bcb0d55a:3:21925)
      at ft (../../http:/localhost:8889/wp-content/plugins/gutenberg/build/vendors/react-dom.min.js?ver=6.1-alpha-53362:1:43451)
      at Wt (../../http:/localhost:8889/wp-content/plugins/gutenberg/build/vendors/react-dom.min.js?ver=6.1-alpha-53362:1:50270)
      at ts (../../http:/localhost:8889/wp-content/plugins/gutenberg/build/vendors/react-dom.min.js?ver=6.1-alpha-53362:1:112276)
      at Fr (../../http:/localhost:8889/wp-content/plugins/gutenberg/build/vendors/react-dom.min.js?ver=6.1-alpha-53362:1:77758)
      at Dr (../../http:/localhost:8889/wp-content/plugins/gutenberg/build/vendors/react-dom.min.js?ver=6.1-alpha-53362:1:77686)
      at Rr (../../http:/localhost:8889/wp-content/plugins/gutenberg/build/vendors/react-dom.min.js?ver=6.1-alpha-53362:1:77549)
      at Nr (../../http:/localhost:8889/wp-content/plugins/gutenberg/build/vendors/react-dom.min.js?ver=6.1-alpha-53362:1:74544)
      at ../../http:/localhost:8889/wp-content/plugins/gutenberg/build/vendors/react-dom.min.js?ver=6.1-alpha-53362:1:30170
      at unstable_runWithPriority (../../http:/localhost:8889/wp-content/plugins/gutenberg/build/vendors/react.min.js?ver=6.1-alpha-53362:1:7430)"]
          at runMicrotasks (<anonymous>)
"
`;

exports[`parseIssueBody should parse issue body 1`] = `
"<!-- __META_DATA__:{"failedTimes":5,"totalCommits":95} -->
**Flaky test detected. This is an auto-generated issue by GitHub Actions. Please do NOT edit this manually.**

## Test title
Test title

## Test path
\`test/e2e/specs/test-title.spec.js\`

## Errors
<!-- __TEST_RESULTS_LIST__ -->
<!-- __TEST_RESULT__ --><time datetime="2020-08-01T00:00:00.000Z"><code>[2020-08-01T00:00:00.000Z]</code></time> Test passed after 1 failed attempt on <a href="https://github.com/WordPress/gutenberg/actions/runs/2282393879"><code>trunk</code></a>.<!-- /__TEST_RESULT__ -->
<!-- __TEST_RESULT__ --><details>
<summary>
	<time datetime="2020-05-10T00:00:00.000Z"><code>[2020-05-10T00:00:00.000Z]</code></time> Test passed after 2 failed attempts on <a href="https://github.com/WordPress/gutenberg/actions/runs/2297863316"><code>try/some-branch</code></a>.
</summary>

\`\`\`
Error:
  Oops...
  Oops again
\`\`\`
</details><!-- /__TEST_RESULT__ -->

<!-- __TEST_RESULT__ -->Some broken log.
Oops.
<!-- /__TEST_RESULT__ -->

<!-- /__TEST_RESULTS_LIST__ -->
"
`;
