// Jest Snapshot v1, https://goo.gl/fbAQLP

exports[`Webpack \`combine-assets\` should produce expected output: Asset file should match snapshot 1`] = `"<?php return array('fileA.js' => array('dependencies' => array('lodash', 'wp-blob'), 'version' => 'a3da22ced6876ec052d2861d383960fc'), 'fileB.js' => array('dependencies' => array('wp-token-list'), 'version' => '1a2b3802cc39dc1a607ecc4d0b23fcb0'));"`;

exports[`Webpack \`combine-assets\` should produce expected output: External modules should match snapshot 1`] = `
Array [
  Object {
    "externalType": "window",
    "request": "lodash",
    "userRequest": "lodash",
  },
  Object {
    "externalType": "window",
    "request": Array [
      "wp",
      "blob",
    ],
    "userRequest": "@wordpress/blob",
  },
  Object {
    "externalType": "window",
    "request": Array [
      "wp",
      "tokenList",
    ],
    "userRequest": "@wordpress/token-list",
  },
]
`;

exports[`Webpack \`dynamic-import\` should produce expected output: Asset file should match snapshot 1`] = `"<?php return array('dependencies' => array('lodash', 'wp-blob'), 'version' => 'd5c613274c346f46e16ab4d320fc01e6');"`;

exports[`Webpack \`dynamic-import\` should produce expected output: External modules should match snapshot 1`] = `
Array [
  Object {
    "externalType": "window",
    "request": "lodash",
    "userRequest": "lodash",
  },
  Object {
    "externalType": "window",
    "request": Array [
      "wp",
      "blob",
    ],
    "userRequest": "@wordpress/blob",
  },
]
`;

exports[`Webpack \`function-output-filename\` should produce expected output: Asset file should match snapshot 1`] = `"<?php return array('dependencies' => array('lodash', 'wp-blob'), 'version' => 'f6dc46e27c3a9e7338ed4fa9fdf8f606');"`;

exports[`Webpack \`function-output-filename\` should produce expected output: External modules should match snapshot 1`] = `
Array [
  Object {
    "externalType": "window",
    "request": "lodash",
    "userRequest": "lodash",
  },
  Object {
    "externalType": "window",
    "request": Array [
      "wp",
      "blob",
    ],
    "userRequest": "@wordpress/blob",
  },
]
`;

exports[`Webpack \`no-default\` should produce expected output: Asset file should match snapshot 1`] = `"<?php return array('dependencies' => array(), 'version' => '0a2f4c4cfbc33dde065a2e4be1e6337c');"`;

exports[`Webpack \`no-default\` should produce expected output: External modules should match snapshot 1`] = `Array []`;

exports[`Webpack \`no-deps\` should produce expected output: Asset file should match snapshot 1`] = `"<?php return array('dependencies' => array(), 'version' => 'e8e65570823ee9206bdada3a0f11b610');"`;

exports[`Webpack \`no-deps\` should produce expected output: External modules should match snapshot 1`] = `Array []`;

exports[`Webpack \`output-format-json\` should produce expected output: Asset file should match snapshot 1`] = `"{\\"dependencies\\":[\\"lodash\\"],\\"version\\":\\"aeb5066a5e17aea01932c77baf342372\\"}"`;

exports[`Webpack \`output-format-json\` should produce expected output: External modules should match snapshot 1`] = `
Array [
  Object {
    "externalType": "window",
    "request": "lodash",
    "userRequest": "lodash",
  },
]
`;

exports[`Webpack \`overrides\` should produce expected output: Asset file should match snapshot 1`] = `"<?php return array('dependencies' => array('wp-blob', 'wp-script-handle-for-rxjs', 'wp-url'), 'version' => '67d711ce8940ddb82e7f264f61a5a3d9');"`;

exports[`Webpack \`overrides\` should produce expected output: External modules should match snapshot 1`] = `
Array [
  Object {
    "externalType": "window",
    "request": "rxjs",
    "userRequest": "rxjs",
  },
  Object {
    "externalType": "window",
    "request": Array [
      "rxjs",
      "operators",
    ],
    "userRequest": "rxjs/operators",
  },
  Object {
    "externalType": "window",
    "request": Array [
      "wp",
      "blob",
    ],
    "userRequest": "@wordpress/blob",
  },
  Object {
    "externalType": "window",
    "request": Array [
      "wp",
      "url",
    ],
    "userRequest": "@wordpress/url",
  },
]
`;

exports[`Webpack \`wordpress\` should produce expected output: Asset file should match snapshot 1`] = `"<?php return array('dependencies' => array('lodash', 'wp-blob'), 'version' => '202b3ce17cfd72799ce45e7efa04d83c');"`;

exports[`Webpack \`wordpress\` should produce expected output: External modules should match snapshot 1`] = `
Array [
  Object {
    "externalType": "window",
    "request": "lodash",
    "userRequest": "lodash",
  },
  Object {
    "externalType": "window",
    "request": Array [
      "wp",
      "blob",
    ],
    "userRequest": "@wordpress/blob",
  },
]
`;

exports[`Webpack \`wordpress-require\` should produce expected output: Asset file should match snapshot 1`] = `"<?php return array('dependencies' => array('lodash', 'wp-blob'), 'version' => '47b0c1540a1caf08b8931e4a4328db04');"`;

exports[`Webpack \`wordpress-require\` should produce expected output: External modules should match snapshot 1`] = `
Array [
  Object {
    "externalType": "window",
    "request": "lodash",
    "userRequest": "lodash",
  },
  Object {
    "externalType": "window",
    "request": Array [
      "wp",
      "blob",
    ],
    "userRequest": "@wordpress/blob",
  },
]
`;
