// Jest Snapshot v1, https://goo.gl/fbAQLP

exports[`Separator block inserts block 1`] = `
"<!-- wp:separator -->
<hr class="wp-block-separator has-alpha-channel-opacity"/>
<!-- /wp:separator -->"
`;
