// Jest Snapshot v1, https://goo.gl/fbAQLP

exports[`Pullquote block transforms to Columns block 1`] = `
"<!-- wp:columns -->
<div class="wp-block-columns"><!-- wp:column {"width":"100%"} -->
<div class="wp-block-column" style="flex-basis:100%"><!-- wp:pullquote -->
<figure class="wp-block-pullquote"><blockquote><p>One of the hardest things to do in technology is disrupt yourself.</p><cite>Matt Mullenweg</cite></blockquote></figure>
<!-- /wp:pullquote --></div>
<!-- /wp:column --></div>
<!-- /wp:columns -->"
`;

exports[`Pullquote block transforms to Group block 1`] = `
"<!-- wp:group {"layout":{"type":"constrained"}} -->
<div class="wp-block-group"><!-- wp:pullquote -->
<figure class="wp-block-pullquote"><blockquote><p>One of the hardest things to do in technology is disrupt yourself.</p><cite>Matt Mullenweg</cite></blockquote></figure>
<!-- /wp:pullquote --></div>
<!-- /wp:group -->"
`;

exports[`Pullquote block transforms to Heading block 1`] = `
"<!-- wp:heading -->
<h2 class="wp-block-heading">One of the hardest things to do in technology is disrupt yourself.</h2>
<!-- /wp:heading -->

<!-- wp:heading -->
<h2 class="wp-block-heading">Matt Mullenweg</h2>
<!-- /wp:heading -->"
`;

exports[`Pullquote block transforms to Paragraph block 1`] = `
"<!-- wp:paragraph -->
<p>One of the hardest things to do in technology is disrupt yourself.</p>
<!-- /wp:paragraph -->

<!-- wp:paragraph -->
<p>Matt Mullenweg</p>
<!-- /wp:paragraph -->"
`;

exports[`Pullquote block transforms to Quote block 1`] = `
"<!-- wp:quote -->
<blockquote class="wp-block-quote"><!-- wp:paragraph -->
<p>One of the hardest things to do in technology is disrupt yourself.</p>
<!-- /wp:paragraph --><cite>Matt Mullenweg</cite></blockquote>
<!-- /wp:quote -->"
`;
